DEBUG - 2025-11-19 04:16:13 --> Session: Class initialized using 'CodeIgniter\Session\Handlers\FileHandler' driver.
CRITICAL - 2025-11-19 04:16:14 --> CodeIgniter\View\Exceptions\ViewException: Invalid file: "admin/vw_login.php"
[Method: GET, Route: usuario/login]
in SYSTEMPATH\Exceptions\FrameworkException.php on line 39.
 1 SYSTEMPATH\View\View.php(214): CodeIgniter\Exceptions\FrameworkException::forInvalidFile('admin/vw_login.php')
 2 SYSTEMPATH\Common.php(1167): CodeIgniter\View\View->render('admin/vw_login', [], true)
 3 APPPATH\Controllers\Usuario.php(11): view('admin/vw_login')
 4 SYSTEMPATH\CodeIgniter.php(933): App\Controllers\Usuario->vw_login()
 5 SYSTEMPATH\CodeIgniter.php(507): CodeIgniter\CodeIgniter->runController(Object(App\Controllers\Usuario))
 6 SYSTEMPATH\CodeIgniter.php(354): CodeIgniter\CodeIgniter->handleRequest(null, Object(Config\Cache), false)
 7 SYSTEMPATH\Boot.php(363): CodeIgniter\CodeIgniter->run()
 8 SYSTEMPATH\Boot.php(68): CodeIgniter\Boot::runCodeIgniter(Object(CodeIgniter\CodeIgniter))
 9 FCPATH\index.php(59): CodeIgniter\Boot::bootWeb(Object(Config\Paths))
CRITICAL - 2025-11-19 04:18:24 --> CodeIgniter\View\Exceptions\ViewException: Invalid file: "vw_login.php"
[Method: GET, Route: usuario/login]
in SYSTEMPATH\Exceptions\FrameworkException.php on line 39.
 1 SYSTEMPATH\View\View.php(214): CodeIgniter\Exceptions\FrameworkException::forInvalidFile('vw_login.php')
 2 SYSTEMPATH\Common.php(1167): CodeIgniter\View\View->render('vw_login', [], true)
 3 APPPATH\Controllers\Usuario.php(11): view('vw_login')
 4 SYSTEMPATH\CodeIgniter.php(933): App\Controllers\Usuario->vw_login()
 5 SYSTEMPATH\CodeIgniter.php(507): CodeIgniter\CodeIgniter->runController(Object(App\Controllers\Usuario))
 6 SYSTEMPATH\CodeIgniter.php(354): CodeIgniter\CodeIgniter->handleRequest(null, Object(Config\Cache), false)
 7 SYSTEMPATH\Boot.php(363): CodeIgniter\CodeIgniter->run()
 8 SYSTEMPATH\Boot.php(68): CodeIgniter\Boot::runCodeIgniter(Object(CodeIgniter\CodeIgniter))
 9 FCPATH\index.php(59): CodeIgniter\Boot::bootWeb(Object(Config\Paths))
CRITICAL - 2025-11-19 04:18:35 --> CodeIgniter\View\Exceptions\ViewException: Invalid file: "usuario/vw_login.php"
[Method: GET, Route: usuario/login]
in SYSTEMPATH\Exceptions\FrameworkException.php on line 39.
 1 SYSTEMPATH\View\View.php(214): CodeIgniter\Exceptions\FrameworkException::forInvalidFile('usuario/vw_login.php')
 2 SYSTEMPATH\Common.php(1167): CodeIgniter\View\View->render('usuario/vw_login', [], true)
 3 APPPATH\Controllers\Usuario.php(11): view('usuario/vw_login')
 4 SYSTEMPATH\CodeIgniter.php(933): App\Controllers\Usuario->vw_login()
 5 SYSTEMPATH\CodeIgniter.php(507): CodeIgniter\CodeIgniter->runController(Object(App\Controllers\Usuario))
 6 SYSTEMPATH\CodeIgniter.php(354): CodeIgniter\CodeIgniter->handleRequest(null, Object(Config\Cache), false)
 7 SYSTEMPATH\Boot.php(363): CodeIgniter\CodeIgniter->run()
 8 SYSTEMPATH\Boot.php(68): CodeIgniter\Boot::runCodeIgniter(Object(CodeIgniter\CodeIgniter))
 9 FCPATH\index.php(59): CodeIgniter\Boot::bootWeb(Object(Config\Paths))
DEBUG - 2025-11-19 04:20:48 --> Session: Class initialized using 'CodeIgniter\Session\Handlers\FileHandler' driver.
DEBUG - 2025-11-19 04:20:53 --> Session: Class initialized using 'CodeIgniter\Session\Handlers\FileHandler' driver.
DEBUG - 2025-11-19 04:21:30 --> Session: Class initialized using 'CodeIgniter\Session\Handlers\FileHandler' driver.
