CRITICAL - 2025-10-18 15:23:50 --> ParseError: syntax error, unexpected token "&&"
[Method: POST, Route: usuario/acceder]
in APPPATH\Controllers\Usuario.php on line 15.
 1 SYSTEMPATH\Autoloader\Autoloader.php(295): CodeIgniter\Autoloader\Autoloader->includeFile('C:\\xampp\\htdocs\\proyecto\\app\\Controllers\\Usuario.php')
 2 SYSTEMPATH\Autoloader\Autoloader.php(271): CodeIgniter\Autoloader\Autoloader->loadInNamespace('App\\Controllers\\Usuario')
 3 [internal function]: CodeIgniter\Autoloader\Autoloader->loadClass('App\\Controllers\\Usuario')
 4 SYSTEMPATH\CodeIgniter.php(885): class_exists('\\App\\Controllers\\Usuario', true)
 5 SYSTEMPATH\CodeIgniter.php(494): CodeIgniter\CodeIgniter->startController()
 6 SYSTEMPATH\CodeIgniter.php(354): CodeIgniter\CodeIgniter->handleRequest(null, Object(Config\Cache), false)
 7 SYSTEMPATH\Boot.php(363): CodeIgniter\CodeIgniter->run()
 8 SYSTEMPATH\Boot.php(68): CodeIgniter\Boot::runCodeIgniter(Object(CodeIgniter\CodeIgniter))
 9 FCPATH\index.php(59): CodeIgniter\Boot::bootWeb(Object(Config\Paths))
CRITICAL - 2025-10-18 15:48:18 --> ErrorException: Undefined variable $ss
[Method: POST, Route: usuario/acceder]
in APPPATH\Controllers\Usuario.php on line 11.
 1 APPPATH\Controllers\Usuario.php(11): CodeIgniter\Debug\Exceptions->errorHandler(2, 'Undefined variable $ss', 'C:\\xampp\\htdocs\\proyecto\\app\\Controllers\\Usuario.php', 11)
 2 SYSTEMPATH\CodeIgniter.php(933): App\Controllers\Usuario->fn_login()
 3 SYSTEMPATH\CodeIgniter.php(507): CodeIgniter\CodeIgniter->runController(Object(App\Controllers\Usuario))
 4 SYSTEMPATH\CodeIgniter.php(354): CodeIgniter\CodeIgniter->handleRequest(null, Object(Config\Cache), false)
 5 SYSTEMPATH\Boot.php(363): CodeIgniter\CodeIgniter->run()
 6 SYSTEMPATH\Boot.php(68): CodeIgniter\Boot::runCodeIgniter(Object(CodeIgniter\CodeIgniter))
 7 FCPATH\index.php(59): CodeIgniter\Boot::bootWeb(Object(Config\Paths))
CRITICAL - 2025-10-18 15:48:20 --> ErrorException: Undefined variable $ss
[Method: POST, Route: usuario/acceder]
in APPPATH\Controllers\Usuario.php on line 11.
 1 APPPATH\Controllers\Usuario.php(11): CodeIgniter\Debug\Exceptions->errorHandler(2, 'Undefined variable $ss', 'C:\\xampp\\htdocs\\proyecto\\app\\Controllers\\Usuario.php', 11)
 2 SYSTEMPATH\CodeIgniter.php(933): App\Controllers\Usuario->fn_login()
 3 SYSTEMPATH\CodeIgniter.php(507): CodeIgniter\CodeIgniter->runController(Object(App\Controllers\Usuario))
 4 SYSTEMPATH\CodeIgniter.php(354): CodeIgniter\CodeIgniter->handleRequest(null, Object(Config\Cache), false)
 5 SYSTEMPATH\Boot.php(363): CodeIgniter\CodeIgniter->run()
 6 SYSTEMPATH\Boot.php(68): CodeIgniter\Boot::runCodeIgniter(Object(CodeIgniter\CodeIgniter))
 7 FCPATH\index.php(59): CodeIgniter\Boot::bootWeb(Object(Config\Paths))
CRITICAL - 2025-10-18 15:48:32 --> ErrorException: Undefined variable $ss
[Method: POST, Route: usuario/acceder]
in APPPATH\Controllers\Usuario.php on line 11.
 1 APPPATH\Controllers\Usuario.php(11): CodeIgniter\Debug\Exceptions->errorHandler(2, 'Undefined variable $ss', 'C:\\xampp\\htdocs\\proyecto\\app\\Controllers\\Usuario.php', 11)
 2 SYSTEMPATH\CodeIgniter.php(933): App\Controllers\Usuario->fn_login()
 3 SYSTEMPATH\CodeIgniter.php(507): CodeIgniter\CodeIgniter->runController(Object(App\Controllers\Usuario))
 4 SYSTEMPATH\CodeIgniter.php(354): CodeIgniter\CodeIgniter->handleRequest(null, Object(Config\Cache), false)
 5 SYSTEMPATH\Boot.php(363): CodeIgniter\CodeIgniter->run()
 6 SYSTEMPATH\Boot.php(68): CodeIgniter\Boot::runCodeIgniter(Object(CodeIgniter\CodeIgniter))
 7 FCPATH\index.php(59): CodeIgniter\Boot::bootWeb(Object(Config\Paths))
CRITICAL - 2025-10-18 15:48:51 --> ErrorException: Undefined variable $ss
[Method: POST, Route: usuario/acceder]
in APPPATH\Controllers\Usuario.php on line 11.
 1 APPPATH\Controllers\Usuario.php(11): CodeIgniter\Debug\Exceptions->errorHandler(2, 'Undefined variable $ss', 'C:\\xampp\\htdocs\\proyecto\\app\\Controllers\\Usuario.php', 11)
 2 SYSTEMPATH\CodeIgniter.php(933): App\Controllers\Usuario->fn_login()
 3 SYSTEMPATH\CodeIgniter.php(507): CodeIgniter\CodeIgniter->runController(Object(App\Controllers\Usuario))
 4 SYSTEMPATH\CodeIgniter.php(354): CodeIgniter\CodeIgniter->handleRequest(null, Object(Config\Cache), false)
 5 SYSTEMPATH\Boot.php(363): CodeIgniter\CodeIgniter->run()
 6 SYSTEMPATH\Boot.php(68): CodeIgniter\Boot::runCodeIgniter(Object(CodeIgniter\CodeIgniter))
 7 FCPATH\index.php(59): CodeIgniter\Boot::bootWeb(Object(Config\Paths))
CRITICAL - 2025-10-18 15:49:48 --> ErrorException: Undefined variable $ss
[Method: POST, Route: usuario/acceder]
in APPPATH\Controllers\Usuario.php on line 11.
 1 APPPATH\Controllers\Usuario.php(11): CodeIgniter\Debug\Exceptions->errorHandler(2, 'Undefined variable $ss', 'C:\\xampp\\htdocs\\proyecto\\app\\Controllers\\Usuario.php', 11)
 2 SYSTEMPATH\CodeIgniter.php(933): App\Controllers\Usuario->fn_login()
 3 SYSTEMPATH\CodeIgniter.php(507): CodeIgniter\CodeIgniter->runController(Object(App\Controllers\Usuario))
 4 SYSTEMPATH\CodeIgniter.php(354): CodeIgniter\CodeIgniter->handleRequest(null, Object(Config\Cache), false)
 5 SYSTEMPATH\Boot.php(363): CodeIgniter\CodeIgniter->run()
 6 SYSTEMPATH\Boot.php(68): CodeIgniter\Boot::runCodeIgniter(Object(CodeIgniter\CodeIgniter))
 7 FCPATH\index.php(59): CodeIgniter\Boot::bootWeb(Object(Config\Paths))
CRITICAL - 2025-10-18 15:51:04 --> ErrorException: Undefined variable $baseURL
[Method: POST, Route: usuario/acceder]
in APPPATH\Controllers\Usuario.php on line 19.
 1 APPPATH\Controllers\Usuario.php(19): CodeIgniter\Debug\Exceptions->errorHandler(2, 'Undefined variable $baseURL', 'C:\\xampp\\htdocs\\proyecto\\app\\Controllers\\Usuario.php', 19)
 2 SYSTEMPATH\CodeIgniter.php(933): App\Controllers\Usuario->fn_login()
 3 SYSTEMPATH\CodeIgniter.php(507): CodeIgniter\CodeIgniter->runController(Object(App\Controllers\Usuario))
 4 SYSTEMPATH\CodeIgniter.php(354): CodeIgniter\CodeIgniter->handleRequest(null, Object(Config\Cache), false)
 5 SYSTEMPATH\Boot.php(363): CodeIgniter\CodeIgniter->run()
 6 SYSTEMPATH\Boot.php(68): CodeIgniter\Boot::runCodeIgniter(Object(CodeIgniter\CodeIgniter))
 7 FCPATH\index.php(59): CodeIgniter\Boot::bootWeb(Object(Config\Paths))
CRITICAL - 2025-10-18 16:07:45 --> ParseError: syntax error, unexpected token ";", expecting ")"
[Method: GET, Route: usuario/cerrar-sesion]
in APPPATH\Controllers\Usuario.php on line 32.
 1 SYSTEMPATH\Autoloader\Autoloader.php(295): CodeIgniter\Autoloader\Autoloader->includeFile('C:\\xampp\\htdocs\\proyecto\\app\\Controllers\\Usuario.php')
 2 SYSTEMPATH\Autoloader\Autoloader.php(271): CodeIgniter\Autoloader\Autoloader->loadInNamespace('App\\Controllers\\Usuario')
 3 [internal function]: CodeIgniter\Autoloader\Autoloader->loadClass('App\\Controllers\\Usuario')
 4 SYSTEMPATH\CodeIgniter.php(885): class_exists('\\App\\Controllers\\Usuario', true)
 5 SYSTEMPATH\CodeIgniter.php(494): CodeIgniter\CodeIgniter->startController()
 6 SYSTEMPATH\CodeIgniter.php(354): CodeIgniter\CodeIgniter->handleRequest(null, Object(Config\Cache), false)
 7 SYSTEMPATH\Boot.php(363): CodeIgniter\CodeIgniter->run()
 8 SYSTEMPATH\Boot.php(68): CodeIgniter\Boot::runCodeIgniter(Object(CodeIgniter\CodeIgniter))
 9 FCPATH\index.php(59): CodeIgniter\Boot::bootWeb(Object(Config\Paths))
CRITICAL - 2025-10-18 16:37:49 --> ParseError: syntax error, unexpected token ";", expecting ")"
[Method: POST, Route: usuario/acceder]
in APPPATH\Controllers\Usuario.php on line 19.
 1 SYSTEMPATH\Autoloader\Autoloader.php(295): CodeIgniter\Autoloader\Autoloader->includeFile('C:\\xampp\\htdocs\\proyecto\\app\\Controllers\\Usuario.php')
 2 SYSTEMPATH\Autoloader\Autoloader.php(271): CodeIgniter\Autoloader\Autoloader->loadInNamespace('App\\Controllers\\Usuario')
 3 [internal function]: CodeIgniter\Autoloader\Autoloader->loadClass('App\\Controllers\\Usuario')
 4 SYSTEMPATH\CodeIgniter.php(885): class_exists('\\App\\Controllers\\Usuario', true)
 5 SYSTEMPATH\CodeIgniter.php(494): CodeIgniter\CodeIgniter->startController()
 6 SYSTEMPATH\CodeIgniter.php(354): CodeIgniter\CodeIgniter->handleRequest(null, Object(Config\Cache), false)
 7 SYSTEMPATH\Boot.php(363): CodeIgniter\CodeIgniter->run()
 8 SYSTEMPATH\Boot.php(68): CodeIgniter\Boot::runCodeIgniter(Object(CodeIgniter\CodeIgniter))
 9 FCPATH\index.php(59): CodeIgniter\Boot::bootWeb(Object(Config\Paths))
